// Vitest Snapshot v1, https://vitest.dev/guide/snapshot.html

exports[`renders homepage unchanged 1`] = `<div />`;
